14:40:07 [ultranest] [DEBUG] ReactiveNestedSampler: dims=9+0, resume=False, log_dir=cpl_output/cpl_real_run/run1, backend=hdf5, vectorized=False, nbootstraps=30, ndraw=128..65536
14:40:07 [ultranest] [INFO] Sampling 400 live points from prior ...
14:40:17 [ultranest] [DEBUG] Found plateau of 60/400 initial points at L=-inf. Avoid this by a continuously increasing loglikelihood towards good regions.
14:40:17 [ultranest] [INFO] Widening roots to 459 live points (have 400 already) ...
14:40:17 [ultranest] [INFO] Sampling 59 live points from prior ...
14:40:19 [ultranest] [DEBUG] Found plateau of 71/459 initial points at L=-inf. Avoid this by a continuously increasing loglikelihood towards good regions.
14:40:19 [ultranest] [INFO] Widening roots to 529 live points (have 459 already) ...
14:40:19 [ultranest] [INFO] Sampling 70 live points from prior ...
14:40:21 [ultranest] [DEBUG] run_iter dlogz=0.5, dKL=0.5, frac_remain=0.01, Lepsilon=0.0010, min_ess=400
14:40:21 [ultranest] [DEBUG] max_iters=-1, max_ncalls=1000000, max_num_improvement_loops=-1, min_num_live_points=400, cluster_num_live_points=40
14:40:21 [ultranest] [DEBUG] minimal_widths_sequence: [(-inf, 400.0), (inf, 400.0)]
14:40:21 [ultranest] [DEBUG] Plateau detected at L=-inf, not replacing live point.
14:40:21 [ultranest] [DEBUG] Plateau detected at L=-inf, not replacing live point.
14:40:21 [ultranest] [DEBUG] Plateau detected at L=-inf, not replacing live point.
14:40:21 [ultranest] [DEBUG] Plateau detected at L=-inf, not replacing live point.
14:40:21 [ultranest] [DEBUG] Plateau detected at L=-inf, not replacing live point.
14:40:21 [ultranest] [DEBUG] Plateau detected at L=-inf, not replacing live point.
14:40:21 [ultranest] [DEBUG] Plateau detected at L=-inf, not replacing live point.
14:40:21 [ultranest] [DEBUG] Plateau detected at L=-inf, not replacing live point.
14:40:21 [ultranest] [DEBUG] Plateau detected at L=-inf, not replacing live point.
14:40:21 [ultranest] [DEBUG] Plateau detected at L=-inf, not replacing live point.
14:40:21 [ultranest] [DEBUG] Plateau detected at L=-inf, not replacing live point.
14:40:21 [ultranest] [DEBUG] Plateau detected at L=-inf, not replacing live point.
14:40:21 [ultranest] [DEBUG] Plateau detected at L=-inf, not replacing live point.
14:40:21 [ultranest] [DEBUG] Plateau detected at L=-inf, not replacing live point.
14:40:21 [ultranest] [DEBUG] Plateau detected at L=-inf, not replacing live point.
14:40:21 [ultranest] [DEBUG] Plateau detected at L=-inf, not replacing live point.
14:40:21 [ultranest] [DEBUG] Plateau detected at L=-inf, not replacing live point.
14:40:21 [ultranest] [DEBUG] Plateau detected at L=-inf, not replacing live point.
14:40:21 [ultranest] [DEBUG] Plateau detected at L=-inf, not replacing live point.
14:40:21 [ultranest] [DEBUG] Plateau detected at L=-inf, not replacing live point.
14:40:21 [ultranest] [DEBUG] Plateau detected at L=-inf, not replacing live point.
14:40:21 [ultranest] [DEBUG] Plateau detected at L=-inf, not replacing live point.
14:40:21 [ultranest] [DEBUG] Plateau detected at L=-inf, not replacing live point.
14:40:21 [ultranest] [DEBUG] Plateau detected at L=-inf, not replacing live point.
14:40:21 [ultranest] [DEBUG] Plateau detected at L=-inf, not replacing live point.
14:40:21 [ultranest] [DEBUG] Plateau detected at L=-inf, not replacing live point.
14:40:21 [ultranest] [DEBUG] Plateau detected at L=-inf, not replacing live point.
14:40:21 [ultranest] [DEBUG] Plateau detected at L=-inf, not replacing live point.
14:40:21 [ultranest] [DEBUG] Plateau detected at L=-inf, not replacing live point.
14:40:21 [ultranest] [DEBUG] Plateau detected at L=-inf, not replacing live point.
14:40:21 [ultranest] [DEBUG] Plateau detected at L=-inf, not replacing live point.
14:40:21 [ultranest] [DEBUG] Plateau detected at L=-inf, not replacing live point.
14:40:21 [ultranest] [DEBUG] Plateau detected at L=-inf, not replacing live point.
14:40:21 [ultranest] [DEBUG] Plateau detected at L=-inf, not replacing live point.
14:40:21 [ultranest] [DEBUG] Plateau detected at L=-inf, not replacing live point.
14:40:21 [ultranest] [DEBUG] Plateau detected at L=-inf, not replacing live point.
14:40:21 [ultranest] [DEBUG] Plateau detected at L=-inf, not replacing live point.
14:40:21 [ultranest] [DEBUG] Plateau detected at L=-inf, not replacing live point.
14:40:21 [ultranest] [DEBUG] Plateau detected at L=-inf, not replacing live point.
14:40:21 [ultranest] [DEBUG] Plateau detected at L=-inf, not replacing live point.
14:40:21 [ultranest] [DEBUG] Plateau detected at L=-inf, not replacing live point.
14:40:21 [ultranest] [DEBUG] Plateau detected at L=-inf, not replacing live point.
14:40:21 [ultranest] [DEBUG] Plateau detected at L=-inf, not replacing live point.
14:40:21 [ultranest] [DEBUG] Plateau detected at L=-inf, not replacing live point.
14:40:21 [ultranest] [DEBUG] Plateau detected at L=-inf, not replacing live point.
14:40:21 [ultranest] [DEBUG] Plateau detected at L=-inf, not replacing live point.
14:40:21 [ultranest] [DEBUG] Plateau detected at L=-inf, not replacing live point.
14:40:21 [ultranest] [DEBUG] Plateau detected at L=-inf, not replacing live point.
14:40:21 [ultranest] [DEBUG] Plateau detected at L=-inf, not replacing live point.
14:40:21 [ultranest] [DEBUG] Plateau detected at L=-inf, not replacing live point.
14:40:21 [ultranest] [DEBUG] Plateau detected at L=-inf, not replacing live point.
14:40:21 [ultranest] [DEBUG] Plateau detected at L=-inf, not replacing live point.
14:40:21 [ultranest] [DEBUG] Plateau detected at L=-inf, not replacing live point.
14:40:21 [ultranest] [DEBUG] Plateau detected at L=-inf, not replacing live point.
14:40:21 [ultranest] [DEBUG] Plateau detected at L=-inf, not replacing live point.
14:40:21 [ultranest] [DEBUG] Plateau detected at L=-inf, not replacing live point.
14:40:21 [ultranest] [DEBUG] Plateau detected at L=-inf, not replacing live point.
14:40:21 [ultranest] [DEBUG] Plateau detected at L=-inf, not replacing live point.
14:40:21 [ultranest] [DEBUG] Plateau detected at L=-inf, not replacing live point.
14:40:21 [ultranest] [DEBUG] Plateau detected at L=-inf, not replacing live point.
14:40:21 [ultranest] [DEBUG] Plateau detected at L=-inf, not replacing live point.
14:40:21 [ultranest] [DEBUG] Plateau detected at L=-inf, not replacing live point.
14:40:21 [ultranest] [DEBUG] Plateau detected at L=-inf, not replacing live point.
14:40:21 [ultranest] [DEBUG] Plateau detected at L=-inf, not replacing live point.
14:40:21 [ultranest] [DEBUG] Plateau detected at L=-inf, not replacing live point.
14:40:21 [ultranest] [DEBUG] Plateau detected at L=-inf, not replacing live point.
14:40:21 [ultranest] [DEBUG] Plateau detected at L=-inf, not replacing live point.
14:40:21 [ultranest] [DEBUG] Plateau detected at L=-inf, not replacing live point.
14:40:21 [ultranest] [DEBUG] Plateau detected at L=-inf, not replacing live point.
14:40:21 [ultranest] [DEBUG] Plateau detected at L=-inf, not replacing live point.
14:40:21 [ultranest] [DEBUG] Plateau detected at L=-inf, not replacing live point.
14:40:21 [ultranest] [DEBUG] Plateau detected at L=-inf, not replacing live point.
14:40:21 [ultranest] [DEBUG] Plateau detected at L=-inf, not replacing live point.
14:40:21 [ultranest] [DEBUG] Plateau detected at L=-inf, not replacing live point.
14:40:21 [ultranest] [DEBUG] Plateau detected at L=-inf, not replacing live point.
14:40:21 [ultranest] [DEBUG] Plateau detected at L=-inf, not replacing live point.
14:40:21 [ultranest] [DEBUG] Plateau detected at L=-inf, not replacing live point.
14:40:21 [ultranest] [DEBUG] Plateau detected at L=-inf, not replacing live point.
14:40:21 [ultranest] [DEBUG] Plateau detected at L=-inf, not replacing live point.
14:40:21 [ultranest] [DEBUG] Plateau detected at L=-inf, not replacing live point.
14:40:21 [ultranest] [DEBUG] Plateau detected at L=-inf, not replacing live point.
14:40:21 [ultranest] [DEBUG] iteration=129, ncalls=530, regioncalls=40, ndraw=40, logz=-2951.81, remainder_fraction=100.0000%, Lmin=-2873.41, Lmax=-6.42
14:40:21 [ultranest] [DEBUG] iteration=132, ncalls=534, regioncalls=200, ndraw=40, logz=-2842.31, remainder_fraction=100.0000%, Lmin=-2826.93, Lmax=-6.42
14:40:21 [ultranest] [DEBUG] iteration=134, ncalls=537, regioncalls=320, ndraw=40, logz=-2779.68, remainder_fraction=100.0000%, Lmin=-2768.83, Lmax=-6.42
14:40:21 [ultranest] [DEBUG] iteration=138, ncalls=542, regioncalls=520, ndraw=40, logz=-2739.78, remainder_fraction=100.0000%, Lmin=-2697.07, Lmax=-6.42
14:40:21 [ultranest] [DEBUG] iteration=141, ncalls=546, regioncalls=680, ndraw=40, logz=-2685.53, remainder_fraction=100.0000%, Lmin=-2673.54, Lmax=-6.42
14:40:21 [ultranest] [DEBUG] iteration=145, ncalls=550, regioncalls=840, ndraw=40, logz=-2644.46, remainder_fraction=100.0000%, Lmin=-2625.29, Lmax=-6.42
14:40:22 [ultranest] [DEBUG] iteration=149, ncalls=554, regioncalls=1000, ndraw=40, logz=-2588.92, remainder_fraction=100.0000%, Lmin=-2565.14, Lmax=-6.42
14:40:22 [ultranest] [DEBUG] iteration=153, ncalls=559, regioncalls=1200, ndraw=40, logz=-2514.74, remainder_fraction=100.0000%, Lmin=-2495.90, Lmax=-6.42
14:40:22 [ultranest] [DEBUG] iteration=156, ncalls=563, regioncalls=1360, ndraw=40, logz=-2443.81, remainder_fraction=100.0000%, Lmin=-2435.08, Lmax=-6.42
14:40:22 [ultranest] [DEBUG] iteration=159, ncalls=567, regioncalls=1520, ndraw=40, logz=-2409.89, remainder_fraction=100.0000%, Lmin=-2402.50, Lmax=-6.42
14:40:22 [ultranest] [DEBUG] iteration=163, ncalls=571, regioncalls=1680, ndraw=40, logz=-2370.80, remainder_fraction=100.0000%, Lmin=-2361.18, Lmax=-6.42
14:40:22 [ultranest] [DEBUG] iteration=166, ncalls=575, regioncalls=1840, ndraw=40, logz=-2357.59, remainder_fraction=100.0000%, Lmin=-2350.31, Lmax=-6.42
14:40:22 [ultranest] [DEBUG] iteration=168, ncalls=581, regioncalls=2080, ndraw=40, logz=-2346.41, remainder_fraction=100.0000%, Lmin=-2254.66, Lmax=-6.42
14:40:23 [ultranest] [DEBUG] iteration=172, ncalls=588, regioncalls=2360, ndraw=40, logz=-2231.80, remainder_fraction=100.0000%, Lmin=-2222.63, Lmax=-6.42
14:40:23 [ultranest] [DEBUG] iteration=176, ncalls=592, regioncalls=2520, ndraw=40, logz=-2146.90, remainder_fraction=100.0000%, Lmin=-2140.28, Lmax=-6.42
14:40:23 [ultranest] [DEBUG] iteration=179, ncalls=597, regioncalls=2720, ndraw=40, logz=-2135.99, remainder_fraction=100.0000%, Lmin=-2113.36, Lmax=-6.42
14:40:23 [ultranest] [DEBUG] iteration=183, ncalls=605, regioncalls=3040, ndraw=40, logz=-2096.72, remainder_fraction=100.0000%, Lmin=-2088.56, Lmax=-6.42
14:40:23 [ultranest] [DEBUG] iteration=186, ncalls=610, regioncalls=3240, ndraw=40, logz=-2068.07, remainder_fraction=100.0000%, Lmin=-2055.05, Lmax=-6.42
14:40:23 [ultranest] [DEBUG] iteration=190, ncalls=615, regioncalls=3440, ndraw=40, logz=-2023.89, remainder_fraction=100.0000%, Lmin=-1986.40, Lmax=-6.42
14:40:23 [ultranest] [DEBUG] iteration=193, ncalls=620, regioncalls=3640, ndraw=40, logz=-1989.95, remainder_fraction=100.0000%, Lmin=-1983.47, Lmax=-6.42
14:40:23 [ultranest] [DEBUG] iteration=196, ncalls=624, regioncalls=3800, ndraw=40, logz=-1945.58, remainder_fraction=100.0000%, Lmin=-1925.08, Lmax=-6.42
14:40:24 [ultranest] [DEBUG] iteration=199, ncalls=628, regioncalls=3960, ndraw=40, logz=-1917.94, remainder_fraction=100.0000%, Lmin=-1898.91, Lmax=-6.42
14:40:24 [ultranest] [DEBUG] iteration=202, ncalls=632, regioncalls=4120, ndraw=40, logz=-1887.30, remainder_fraction=100.0000%, Lmin=-1865.34, Lmax=-6.42
14:40:24 [ultranest] [DEBUG] iteration=205, ncalls=637, regioncalls=4320, ndraw=40, logz=-1853.95, remainder_fraction=100.0000%, Lmin=-1846.80, Lmax=-6.42
14:40:24 [ultranest] [DEBUG] iteration=208, ncalls=641, regioncalls=4480, ndraw=40, logz=-1847.96, remainder_fraction=100.0000%, Lmin=-1837.35, Lmax=-6.42
14:40:24 [ultranest] [DEBUG] iteration=212, ncalls=645, regioncalls=4640, ndraw=40, logz=-1806.81, remainder_fraction=100.0000%, Lmin=-1785.79, Lmax=-6.42
14:40:24 [ultranest] [DEBUG] iteration=215, ncalls=650, regioncalls=4840, ndraw=40, logz=-1784.19, remainder_fraction=100.0000%, Lmin=-1777.63, Lmax=-6.42
14:40:24 [ultranest] [DEBUG] iteration=218, ncalls=657, regioncalls=5120, ndraw=40, logz=-1772.52, remainder_fraction=100.0000%, Lmin=-1764.26, Lmax=-6.42
14:40:25 [ultranest] [DEBUG] iteration=221, ncalls=661, regioncalls=5280, ndraw=40, logz=-1754.89, remainder_fraction=100.0000%, Lmin=-1690.06, Lmax=-6.42
14:40:25 [ultranest] [DEBUG] iteration=223, ncalls=669, regioncalls=5600, ndraw=40, logz=-1692.74, remainder_fraction=100.0000%, Lmin=-1681.07, Lmax=-6.42
14:40:25 [ultranest] [DEBUG] iteration=227, ncalls=673, regioncalls=5760, ndraw=40, logz=-1658.21, remainder_fraction=100.0000%, Lmin=-1647.42, Lmax=-6.42
14:40:25 [ultranest] [DEBUG] iteration=230, ncalls=678, regioncalls=5960, ndraw=40, logz=-1642.68, remainder_fraction=100.0000%, Lmin=-1634.37, Lmax=-6.42
14:40:25 [ultranest] [DEBUG] iteration=233, ncalls=684, regioncalls=6200, ndraw=40, logz=-1632.27, remainder_fraction=100.0000%, Lmin=-1625.67, Lmax=-6.42
14:40:25 [ultranest] [DEBUG] iteration=237, ncalls=688, regioncalls=6360, ndraw=40, logz=-1626.43, remainder_fraction=100.0000%, Lmin=-1618.69, Lmax=-6.42
14:40:25 [ultranest] [DEBUG] iteration=239, ncalls=692, regioncalls=6520, ndraw=40, logz=-1610.47, remainder_fraction=100.0000%, Lmin=-1602.47, Lmax=-6.42
14:40:26 [ultranest] [DEBUG] iteration=242, ncalls=696, regioncalls=6680, ndraw=40, logz=-1602.05, remainder_fraction=100.0000%, Lmin=-1584.12, Lmax=-6.42
14:40:26 [ultranest] [DEBUG] iteration=245, ncalls=702, regioncalls=6920, ndraw=40, logz=-1577.75, remainder_fraction=100.0000%, Lmin=-1566.66, Lmax=-6.42
14:40:26 [ultranest] [DEBUG] iteration=249, ncalls=707, regioncalls=7120, ndraw=40, logz=-1558.40, remainder_fraction=100.0000%, Lmin=-1550.28, Lmax=-6.42
14:40:26 [ultranest] [DEBUG] iteration=253, ncalls=711, regioncalls=7280, ndraw=40, logz=-1549.89, remainder_fraction=100.0000%, Lmin=-1543.30, Lmax=-6.42
14:40:26 [ultranest] [DEBUG] iteration=255, ncalls=717, regioncalls=7520, ndraw=40, logz=-1546.12, remainder_fraction=100.0000%, Lmin=-1536.56, Lmax=-6.42
14:40:26 [ultranest] [DEBUG] iteration=259, ncalls=721, regioncalls=7680, ndraw=40, logz=-1539.01, remainder_fraction=100.0000%, Lmin=-1521.69, Lmax=-6.42
14:40:26 [ultranest] [DEBUG] iteration=263, ncalls=725, regioncalls=7840, ndraw=40, logz=-1497.48, remainder_fraction=100.0000%, Lmin=-1486.50, Lmax=-6.42
14:40:27 [ultranest] [DEBUG] iteration=265, ncalls=729, regioncalls=8000, ndraw=40, logz=-1489.03, remainder_fraction=100.0000%, Lmin=-1480.68, Lmax=-6.42
14:40:27 [ultranest] [DEBUG] iteration=268, ncalls=733, regioncalls=8160, ndraw=40, logz=-1477.80, remainder_fraction=100.0000%, Lmin=-1451.37, Lmax=-6.42
14:40:27 [ultranest] [DEBUG] iteration=271, ncalls=738, regioncalls=8360, ndraw=40, logz=-1447.00, remainder_fraction=100.0000%, Lmin=-1434.97, Lmax=-6.42
14:40:27 [ultranest] [DEBUG] iteration=273, ncalls=743, regioncalls=8560, ndraw=40, logz=-1438.10, remainder_fraction=100.0000%, Lmin=-1428.60, Lmax=-6.42
14:40:27 [ultranest] [DEBUG] iteration=276, ncalls=747, regioncalls=8720, ndraw=40, logz=-1428.98, remainder_fraction=100.0000%, Lmin=-1418.07, Lmax=-6.42
14:40:27 [ultranest] [DEBUG] iteration=279, ncalls=752, regioncalls=8920, ndraw=40, logz=-1414.80, remainder_fraction=100.0000%, Lmin=-1407.13, Lmax=-6.42
14:40:27 [ultranest] [DEBUG] iteration=282, ncalls=759, regioncalls=9200, ndraw=40, logz=-1405.58, remainder_fraction=100.0000%, Lmin=-1398.38, Lmax=-6.42
14:40:28 [ultranest] [DEBUG] iteration=284, ncalls=764, regioncalls=9400, ndraw=40, logz=-1403.75, remainder_fraction=100.0000%, Lmin=-1387.97, Lmax=-6.42
14:40:28 [ultranest] [DEBUG] iteration=286, ncalls=770, regioncalls=9640, ndraw=40, logz=-1393.24, remainder_fraction=100.0000%, Lmin=-1381.36, Lmax=-6.42
14:40:28 [ultranest] [DEBUG] iteration=288, ncalls=777, regioncalls=9920, ndraw=40, logz=-1377.81, remainder_fraction=100.0000%, Lmin=-1358.60, Lmax=-6.42
14:40:28 [ultranest] [DEBUG] iteration=291, ncalls=785, regioncalls=10240, ndraw=40, logz=-1360.60, remainder_fraction=100.0000%, Lmin=-1341.96, Lmax=-6.42
14:40:28 [ultranest] [DEBUG] iteration=293, ncalls=794, regioncalls=10600, ndraw=40, logz=-1342.39, remainder_fraction=100.0000%, Lmin=-1334.54, Lmax=-6.42
14:40:28 [ultranest] [DEBUG] iteration=295, ncalls=798, regioncalls=10760, ndraw=40, logz=-1333.95, remainder_fraction=100.0000%, Lmin=-1325.25, Lmax=-6.42
14:40:29 [ultranest] [DEBUG] iteration=298, ncalls=805, regioncalls=11040, ndraw=40, logz=-1314.89, remainder_fraction=100.0000%, Lmin=-1305.98, Lmax=-6.42
14:40:29 [ultranest] [DEBUG] iteration=301, ncalls=809, regioncalls=11200, ndraw=40, logz=-1305.32, remainder_fraction=100.0000%, Lmin=-1295.97, Lmax=-6.42
14:40:29 [ultranest] [DEBUG] iteration=303, ncalls=813, regioncalls=11360, ndraw=40, logz=-1294.06, remainder_fraction=100.0000%, Lmin=-1277.36, Lmax=-6.42
14:40:29 [ultranest] [DEBUG] iteration=306, ncalls=820, regioncalls=11640, ndraw=40, logz=-1280.27, remainder_fraction=100.0000%, Lmin=-1273.07, Lmax=-6.42
14:40:29 [ultranest] [DEBUG] iteration=308, ncalls=826, regioncalls=11880, ndraw=40, logz=-1261.57, remainder_fraction=100.0000%, Lmin=-1239.04, Lmax=-6.42
14:40:29 [ultranest] [DEBUG] iteration=309, ncalls=828, regioncalls=11960, ndraw=40, logz=-1245.76, remainder_fraction=100.0000%, Lmin=-1238.82, Lmax=-6.42
14:40:29 [ultranest] [DEBUG] iteration=312, ncalls=832, regioncalls=12120, ndraw=40, logz=-1236.54, remainder_fraction=100.0000%, Lmin=-1225.14, Lmax=-6.42
14:40:30 [ultranest] [DEBUG] iteration=315, ncalls=837, regioncalls=12320, ndraw=40, logz=-1222.61, remainder_fraction=100.0000%, Lmin=-1201.38, Lmax=-6.42
14:40:30 [ultranest] [DEBUG] iteration=317, ncalls=845, regioncalls=12640, ndraw=40, logz=-1207.41, remainder_fraction=100.0000%, Lmin=-1197.16, Lmax=-6.42
14:40:30 [ultranest] [DEBUG] iteration=318, ncalls=846, regioncalls=12680, ndraw=40, logz=-1203.87, remainder_fraction=100.0000%, Lmin=-1196.27, Lmax=-6.42
14:40:30 [ultranest] [DEBUG] iteration=321, ncalls=853, regioncalls=12960, ndraw=40, logz=-1195.88, remainder_fraction=100.0000%, Lmin=-1186.28, Lmax=-6.42
14:40:30 [ultranest] [DEBUG] iteration=325, ncalls=859, regioncalls=13200, ndraw=40, logz=-1185.06, remainder_fraction=100.0000%, Lmin=-1176.48, Lmax=-6.42
14:40:30 [ultranest] [DEBUG] iteration=327, ncalls=866, regioncalls=13480, ndraw=40, logz=-1179.17, remainder_fraction=100.0000%, Lmin=-1170.67, Lmax=-6.42
14:40:30 [ultranest] [DEBUG] iteration=329, ncalls=871, regioncalls=13680, ndraw=40, logz=-1173.16, remainder_fraction=100.0000%, Lmin=-1165.48, Lmax=-6.42
14:40:31 [ultranest] [DEBUG] iteration=331, ncalls=875, regioncalls=13840, ndraw=40, logz=-1171.27, remainder_fraction=100.0000%, Lmin=-1164.08, Lmax=-6.42
14:40:31 [ultranest] [DEBUG] iteration=334, ncalls=884, regioncalls=14200, ndraw=40, logz=-1164.51, remainder_fraction=100.0000%, Lmin=-1155.61, Lmax=-6.42
14:40:31 [ultranest] [DEBUG] iteration=337, ncalls=894, regioncalls=14600, ndraw=40, logz=-1157.84, remainder_fraction=100.0000%, Lmin=-1141.64, Lmax=-6.42
14:40:31 [ultranest] [DEBUG] iteration=341, ncalls=901, regioncalls=14880, ndraw=40, logz=-1144.99, remainder_fraction=100.0000%, Lmin=-1137.90, Lmax=-6.42
14:40:31 [ultranest] [DEBUG] iteration=343, ncalls=905, regioncalls=15040, ndraw=40, logz=-1142.55, remainder_fraction=100.0000%, Lmin=-1134.69, Lmax=-6.42
14:40:32 [ultranest] [DEBUG] iteration=346, ncalls=912, regioncalls=15320, ndraw=40, logz=-1136.74, remainder_fraction=100.0000%, Lmin=-1129.54, Lmax=-6.42
14:40:32 [ultranest] [DEBUG] iteration=350, ncalls=916, regioncalls=15480, ndraw=40, logz=-1121.65, remainder_fraction=100.0000%, Lmin=-1108.00, Lmax=-6.42
14:40:32 [ultranest] [DEBUG] iteration=353, ncalls=922, regioncalls=15720, ndraw=40, logz=-1104.14, remainder_fraction=100.0000%, Lmin=-1087.69, Lmax=-6.42
14:40:32 [ultranest] [DEBUG] iteration=355, ncalls=928, regioncalls=15960, ndraw=40, logz=-1091.36, remainder_fraction=100.0000%, Lmin=-1084.47, Lmax=-6.42
14:40:32 [ultranest] [DEBUG] iteration=359, ncalls=932, regioncalls=16120, ndraw=40, logz=-1070.25, remainder_fraction=100.0000%, Lmin=-1055.05, Lmax=-6.42
14:40:32 [ultranest] [DEBUG] iteration=363, ncalls=939, regioncalls=16400, ndraw=40, logz=-1039.87, remainder_fraction=100.0000%, Lmin=-1030.69, Lmax=-6.42
14:40:32 [ultranest] [DEBUG] iteration=365, ncalls=944, regioncalls=16600, ndraw=40, logz=-1036.44, remainder_fraction=100.0000%, Lmin=-1022.86, Lmax=-6.42
14:40:33 [ultranest] [DEBUG] iteration=367, ncalls=951, regioncalls=16880, ndraw=40, logz=-1028.80, remainder_fraction=100.0000%, Lmin=-1017.95, Lmax=-6.42
14:40:33 [ultranest] [DEBUG] iteration=369, ncalls=958, regioncalls=17160, ndraw=40, logz=-1010.84, remainder_fraction=100.0000%, Lmin=-1003.22, Lmax=-6.42
14:40:33 [ultranest] [DEBUG] iteration=370, ncalls=963, regioncalls=17360, ndraw=40, logz=-1009.71, remainder_fraction=100.0000%, Lmin=-999.50, Lmax=-6.42
14:40:33 [ultranest] [DEBUG] iteration=371, ncalls=964, regioncalls=17400, ndraw=40, logz=-1006.34, remainder_fraction=100.0000%, Lmin=-992.67, Lmax=-6.42
14:40:33 [ultranest] [DEBUG] iteration=373, ncalls=968, regioncalls=17560, ndraw=40, logz=-996.03, remainder_fraction=100.0000%, Lmin=-986.29, Lmax=-6.42
14:40:33 [ultranest] [DEBUG] iteration=375, ncalls=983, regioncalls=18160, ndraw=40, logz=-991.31, remainder_fraction=100.0000%, Lmin=-981.45, Lmax=-6.42
14:40:34 [ultranest] [DEBUG] iteration=377, ncalls=988, regioncalls=18360, ndraw=40, logz=-983.50, remainder_fraction=100.0000%, Lmin=-976.17, Lmax=-6.42
14:40:34 [ultranest] [DEBUG] iteration=379, ncalls=995, regioncalls=18640, ndraw=40, logz=-981.64, remainder_fraction=100.0000%, Lmin=-970.63, Lmax=-6.42
14:40:34 [ultranest] [DEBUG] iteration=381, ncalls=1001, regioncalls=18880, ndraw=40, logz=-972.76, remainder_fraction=100.0000%, Lmin=-963.95, Lmax=-6.42
14:40:34 [ultranest] [DEBUG] iteration=385, ncalls=1010, regioncalls=19240, ndraw=40, logz=-967.07, remainder_fraction=100.0000%, Lmin=-960.83, Lmax=-6.42
14:40:34 [ultranest] [DEBUG] iteration=387, ncalls=1014, regioncalls=19400, ndraw=40, logz=-966.29, remainder_fraction=100.0000%, Lmin=-956.35, Lmax=-6.42
14:40:34 [ultranest] [DEBUG] iteration=390, ncalls=1018, regioncalls=19560, ndraw=40, logz=-944.16, remainder_fraction=100.0000%, Lmin=-935.98, Lmax=-6.42
14:40:35 [ultranest] [DEBUG] iteration=393, ncalls=1025, regioncalls=19840, ndraw=40, logz=-926.72, remainder_fraction=100.0000%, Lmin=-917.06, Lmax=-6.42
14:40:35 [ultranest] [DEBUG] iteration=397, ncalls=1031, regioncalls=20080, ndraw=40, logz=-918.46, remainder_fraction=100.0000%, Lmin=-910.04, Lmax=-6.42
14:40:35 [ultranest] [DEBUG] iteration=398, ncalls=1038, regioncalls=20360, ndraw=40, logz=-916.78, remainder_fraction=100.0000%, Lmin=-908.43, Lmax=-6.42
14:40:35 [ultranest] [DEBUG] iteration=399, ncalls=1039, regioncalls=20400, ndraw=40, logz=-915.15, remainder_fraction=100.0000%, Lmin=-904.91, Lmax=-6.42
14:40:35 [ultranest] [DEBUG] iteration=401, ncalls=1045, regioncalls=20640, ndraw=40, logz=-903.15, remainder_fraction=100.0000%, Lmin=-895.13, Lmax=-6.42
14:40:35 [ultranest] [DEBUG] iteration=404, ncalls=1048, regioncalls=20760, ndraw=40, logz=-894.38, remainder_fraction=100.0000%, Lmin=-887.27, Lmax=-6.42
14:40:35 [ultranest] [DEBUG] iteration=407, ncalls=1053, regioncalls=20960, ndraw=40, logz=-891.63, remainder_fraction=100.0000%, Lmin=-883.01, Lmax=-6.42
14:40:36 [ultranest] [DEBUG] iteration=410, ncalls=1059, regioncalls=21200, ndraw=40, logz=-868.31, remainder_fraction=100.0000%, Lmin=-859.40, Lmax=-6.42
14:40:36 [ultranest] [DEBUG] iteration=413, ncalls=1064, regioncalls=21400, ndraw=40, logz=-863.49, remainder_fraction=100.0000%, Lmin=-856.30, Lmax=-6.42
14:40:36 [ultranest] [DEBUG] iteration=416, ncalls=1068, regioncalls=21560, ndraw=40, logz=-858.55, remainder_fraction=100.0000%, Lmin=-851.72, Lmax=-6.42
14:40:36 [ultranest] [DEBUG] iteration=419, ncalls=1075, regioncalls=21840, ndraw=40, logz=-853.47, remainder_fraction=100.0000%, Lmin=-846.18, Lmax=-6.42
14:40:36 [ultranest] [DEBUG] iteration=422, ncalls=1081, regioncalls=22080, ndraw=40, logz=-851.68, remainder_fraction=100.0000%, Lmin=-841.86, Lmax=-6.42
14:40:36 [ultranest] [DEBUG] iteration=424, ncalls=1087, regioncalls=22320, ndraw=40, logz=-843.70, remainder_fraction=100.0000%, Lmin=-832.18, Lmax=-6.42
14:40:37 [ultranest] [DEBUG] iteration=428, ncalls=1091, regioncalls=22480, ndraw=40, logz=-821.70, remainder_fraction=100.0000%, Lmin=-813.10, Lmax=-6.42
14:40:37 [ultranest] [DEBUG] iteration=432, ncalls=1096, regioncalls=22680, ndraw=40, logz=-802.27, remainder_fraction=100.0000%, Lmin=-793.17, Lmax=-6.42
14:40:37 [ultranest] [DEBUG] iteration=434, ncalls=1102, regioncalls=22920, ndraw=40, logz=-798.99, remainder_fraction=100.0000%, Lmin=-792.03, Lmax=-6.42
14:40:37 [ultranest] [DEBUG] iteration=436, ncalls=1107, regioncalls=23120, ndraw=40, logz=-795.10, remainder_fraction=100.0000%, Lmin=-775.94, Lmax=-6.42
14:40:37 [ultranest] [DEBUG] iteration=439, ncalls=1113, regioncalls=23360, ndraw=40, logz=-771.29, remainder_fraction=100.0000%, Lmin=-764.06, Lmax=-6.42
14:40:37 [ultranest] [DEBUG] iteration=442, ncalls=1119, regioncalls=23600, ndraw=40, logz=-767.85, remainder_fraction=100.0000%, Lmin=-759.34, Lmax=-6.42
14:40:37 [ultranest] [DEBUG] iteration=444, ncalls=1125, regioncalls=23840, ndraw=40, logz=-762.84, remainder_fraction=100.0000%, Lmin=-755.17, Lmax=-6.42
14:40:38 [ultranest] [DEBUG] iteration=448, ncalls=1131, regioncalls=24080, ndraw=40, logz=-754.22, remainder_fraction=100.0000%, Lmin=-742.01, Lmax=-6.42
14:40:38 [ultranest] [DEBUG] iteration=452, ncalls=1139, regioncalls=24400, ndraw=40, logz=-739.60, remainder_fraction=100.0000%, Lmin=-732.15, Lmax=-6.42
14:40:38 [ultranest] [DEBUG] iteration=454, ncalls=1143, regioncalls=24560, ndraw=40, logz=-737.28, remainder_fraction=100.0000%, Lmin=-725.85, Lmax=-6.42
14:40:38 [ultranest] [DEBUG] iteration=456, ncalls=1147, regioncalls=24720, ndraw=40, logz=-729.75, remainder_fraction=100.0000%, Lmin=-719.80, Lmax=-6.42
14:40:38 [ultranest] [DEBUG] iteration=458, ncalls=1153, regioncalls=24960, ndraw=40, logz=-719.90, remainder_fraction=100.0000%, Lmin=-710.19, Lmax=-6.42
14:40:38 [ultranest] [DEBUG] iteration=460, ncalls=1157, regioncalls=25120, ndraw=40, logz=-712.19, remainder_fraction=100.0000%, Lmin=-698.39, Lmax=-6.42
14:40:38 [ultranest] [DEBUG] iteration=463, ncalls=1162, regioncalls=25320, ndraw=40, logz=-702.65, remainder_fraction=100.0000%, Lmin=-692.86, Lmax=-6.42
14:40:39 [ultranest] [DEBUG] iteration=465, ncalls=1171, regioncalls=25680, ndraw=40, logz=-682.08, remainder_fraction=100.0000%, Lmin=-671.51, Lmax=-6.42
14:40:39 [ultranest] [DEBUG] iteration=468, ncalls=1176, regioncalls=25880, ndraw=40, logz=-676.03, remainder_fraction=100.0000%, Lmin=-668.30, Lmax=-6.42
14:40:39 [ultranest] [DEBUG] iteration=470, ncalls=1181, regioncalls=26080, ndraw=40, logz=-674.08, remainder_fraction=100.0000%, Lmin=-665.71, Lmax=-6.42
14:40:39 [ultranest] [DEBUG] iteration=474, ncalls=1185, regioncalls=26240, ndraw=40, logz=-669.50, remainder_fraction=100.0000%, Lmin=-656.94, Lmax=-6.42
14:40:39 [ultranest] [DEBUG] iteration=476, ncalls=1189, regioncalls=26400, ndraw=40, logz=-662.06, remainder_fraction=100.0000%, Lmin=-651.68, Lmax=-6.42
14:40:39 [ultranest] [DEBUG] iteration=477, ncalls=1191, regioncalls=26480, ndraw=40, logz=-658.79, remainder_fraction=100.0000%, Lmin=-650.39, Lmax=-6.42
14:40:39 [ultranest] [DEBUG] iteration=480, ncalls=1196, regioncalls=26680, ndraw=40, logz=-656.10, remainder_fraction=100.0000%, Lmin=-649.94, Lmax=-6.42
14:40:40 [ultranest] [DEBUG] iteration=483, ncalls=1202, regioncalls=26920, ndraw=40, logz=-654.51, remainder_fraction=100.0000%, Lmin=-646.21, Lmax=-6.42
14:40:40 [ultranest] [DEBUG] iteration=485, ncalls=1210, regioncalls=27240, ndraw=40, logz=-651.41, remainder_fraction=100.0000%, Lmin=-642.12, Lmax=-6.42
14:40:40 [ultranest] [DEBUG] iteration=488, ncalls=1217, regioncalls=27520, ndraw=40, logz=-647.84, remainder_fraction=100.0000%, Lmin=-641.33, Lmax=-6.42
14:40:40 [ultranest] [DEBUG] iteration=490, ncalls=1221, regioncalls=27680, ndraw=40, logz=-646.77, remainder_fraction=100.0000%, Lmin=-640.18, Lmax=-6.42
14:40:40 [ultranest] [DEBUG] iteration=492, ncalls=1224, regioncalls=27800, ndraw=40, logz=-644.77, remainder_fraction=100.0000%, Lmin=-631.13, Lmax=-6.42
14:40:40 [ultranest] [DEBUG] iteration=495, ncalls=1230, regioncalls=28040, ndraw=40, logz=-634.80, remainder_fraction=100.0000%, Lmin=-617.01, Lmax=-6.42
14:40:41 [ultranest] [DEBUG] iteration=497, ncalls=1241, regioncalls=28480, ndraw=40, logz=-622.09, remainder_fraction=100.0000%, Lmin=-613.07, Lmax=-6.42
14:40:41 [ultranest] [DEBUG] iteration=499, ncalls=1247, regioncalls=28720, ndraw=40, logz=-609.40, remainder_fraction=100.0000%, Lmin=-599.77, Lmax=-6.42
14:40:41 [ultranest] [DEBUG] iteration=502, ncalls=1252, regioncalls=28920, ndraw=40, logz=-601.04, remainder_fraction=100.0000%, Lmin=-588.40, Lmax=-6.42
14:40:41 [ultranest] [DEBUG] iteration=506, ncalls=1259, regioncalls=29200, ndraw=40, logz=-586.30, remainder_fraction=100.0000%, Lmin=-572.25, Lmax=-6.42
14:40:41 [ultranest] [DEBUG] iteration=509, ncalls=1265, regioncalls=29440, ndraw=40, logz=-577.84, remainder_fraction=100.0000%, Lmin=-568.64, Lmax=-6.42
14:40:41 [ultranest] [DEBUG] iteration=512, ncalls=1269, regioncalls=29600, ndraw=40, logz=-572.48, remainder_fraction=100.0000%, Lmin=-563.14, Lmax=-6.42
14:40:42 [ultranest] [DEBUG] iteration=515, ncalls=1276, regioncalls=29880, ndraw=40, logz=-567.82, remainder_fraction=100.0000%, Lmin=-558.35, Lmax=-6.42
14:40:42 [ultranest] [DEBUG] iteration=517, ncalls=1279, regioncalls=30000, ndraw=40, logz=-561.71, remainder_fraction=100.0000%, Lmin=-550.41, Lmax=-6.42
14:40:42 [ultranest] [DEBUG] iteration=519, ncalls=1285, regioncalls=30240, ndraw=40, logz=-550.09, remainder_fraction=100.0000%, Lmin=-542.59, Lmax=-6.42
14:40:42 [ultranest] [DEBUG] iteration=522, ncalls=1293, regioncalls=30560, ndraw=40, logz=-546.75, remainder_fraction=100.0000%, Lmin=-539.50, Lmax=-6.42
14:40:42 [ultranest] [DEBUG] iteration=526, ncalls=1298, regioncalls=30760, ndraw=40, logz=-540.74, remainder_fraction=100.0000%, Lmin=-532.82, Lmax=-6.42
14:40:42 [ultranest] [DEBUG] iteration=529, ncalls=1304, regioncalls=31000, ndraw=40, logz=-533.21, remainder_fraction=100.0000%, Lmin=-525.61, Lmax=-6.42
14:40:42 [ultranest] [DEBUG] iteration=530, ncalls=1305, regioncalls=31040, ndraw=40, logz=-532.34, remainder_fraction=100.0000%, Lmin=-522.73, Lmax=-6.42
14:40:43 [ultranest] [DEBUG] iteration=532, ncalls=1315, regioncalls=31440, ndraw=40, logz=-527.85, remainder_fraction=100.0000%, Lmin=-510.26, Lmax=-6.42
14:40:43 [ultranest] [DEBUG] iteration=535, ncalls=1320, regioncalls=31640, ndraw=40, logz=-514.49, remainder_fraction=100.0000%, Lmin=-504.80, Lmax=-6.42
14:40:43 [ultranest] [DEBUG] iteration=538, ncalls=1325, regioncalls=31840, ndraw=40, logz=-509.91, remainder_fraction=100.0000%, Lmin=-498.76, Lmax=-6.42
14:40:43 [ultranest] [DEBUG] iteration=540, ncalls=1335, regioncalls=32240, ndraw=40, logz=-501.69, remainder_fraction=100.0000%, Lmin=-490.20, Lmax=-6.42
14:40:43 [ultranest] [DEBUG] iteration=541, ncalls=1339, regioncalls=32400, ndraw=40, logz=-497.48, remainder_fraction=100.0000%, Lmin=-485.78, Lmax=-6.42
14:40:43 [ultranest] [DEBUG] iteration=544, ncalls=1344, regioncalls=32600, ndraw=40, logz=-487.61, remainder_fraction=100.0000%, Lmin=-477.96, Lmax=-6.42
14:40:44 [ultranest] [DEBUG] iteration=545, ncalls=1348, regioncalls=32760, ndraw=40, logz=-485.17, remainder_fraction=100.0000%, Lmin=-477.20, Lmax=-6.42
14:40:44 [ultranest] [DEBUG] iteration=548, ncalls=1356, regioncalls=33080, ndraw=40, logz=-477.99, remainder_fraction=100.0000%, Lmin=-471.02, Lmax=-6.42
14:40:44 [ultranest] [DEBUG] iteration=550, ncalls=1363, regioncalls=33360, ndraw=40, logz=-477.05, remainder_fraction=100.0000%, Lmin=-468.62, Lmax=-6.42
14:40:44 [ultranest] [DEBUG] iteration=552, ncalls=1371, regioncalls=33680, ndraw=40, logz=-468.36, remainder_fraction=100.0000%, Lmin=-459.71, Lmax=-6.42
14:40:44 [ultranest] [DEBUG] iteration=553, ncalls=1377, regioncalls=33920, ndraw=40, logz=-466.80, remainder_fraction=100.0000%, Lmin=-456.93, Lmax=-6.42
14:40:44 [ultranest] [DEBUG] iteration=555, ncalls=1383, regioncalls=34160, ndraw=40, logz=-458.54, remainder_fraction=100.0000%, Lmin=-450.72, Lmax=-6.42
14:40:45 [ultranest] [DEBUG] iteration=558, ncalls=1391, regioncalls=34480, ndraw=40, logz=-455.41, remainder_fraction=100.0000%, Lmin=-447.00, Lmax=-6.42
14:40:45 [ultranest] [DEBUG] iteration=561, ncalls=1400, regioncalls=34840, ndraw=40, logz=-452.59, remainder_fraction=100.0000%, Lmin=-445.46, Lmax=-6.42
14:40:45 [ultranest] [DEBUG] iteration=563, ncalls=1404, regioncalls=35000, ndraw=40, logz=-451.56, remainder_fraction=100.0000%, Lmin=-443.39, Lmax=-6.42
14:40:45 [ultranest] [DEBUG] iteration=564, ncalls=1408, regioncalls=35160, ndraw=40, logz=-450.38, remainder_fraction=100.0000%, Lmin=-443.23, Lmax=-6.42
14:40:45 [ultranest] [DEBUG] iteration=566, ncalls=1416, regioncalls=35480, ndraw=40, logz=-447.34, remainder_fraction=100.0000%, Lmin=-438.78, Lmax=-6.42
14:40:46 [ultranest] [DEBUG] iteration=569, ncalls=1429, regioncalls=36000, ndraw=40, logz=-442.33, remainder_fraction=100.0000%, Lmin=-433.56, Lmax=-6.42
14:40:46 [ultranest] [DEBUG] iteration=570, ncalls=1436, regioncalls=36280, ndraw=40, logz=-440.71, remainder_fraction=100.0000%, Lmin=-432.87, Lmax=-6.42
14:40:46 [ultranest] [DEBUG] iteration=572, ncalls=1442, regioncalls=36520, ndraw=40, logz=-438.81, remainder_fraction=100.0000%, Lmin=-430.44, Lmax=-6.42
